// Jest Snapshot v1, https://goo.gl/fbAQLP

exports[`Test Reducer Creator Test Create Redux Calling Func 1`] = `[Function]`;

exports[`Test Reducer Creator Test Create Redux Calling Func 2`] = `
Array [
  [Function],
  [Function],
  [Function],
  [Function],
  [Function],
  [Function],
  [Function],
  [Function],
  [Function],
  [Function],
  [Function],
  [Function],
  [Function],
  [Function],
  [Function],
  [Function],
  [Function],
  [Function],
  [Function],
  [Function],
]
`;

exports[`Test Reducer Creator Test Create Redux Real Reducer 1`] = `
Object {
  "data": Object {
    "name": "Duy",
  },
  "loading": false,
}
`;

exports[`Test Reducer Creator Test Create Redux Real Reducer 2`] = `
Object {
  "data": Object {
    "name": "Duy",
  },
  "loading": false,
}
`;

exports[`Test Reducer Creator Test Create Redux Real Reducer 3`] = `
Object {
  "data": Object {
    "name": "Duy",
  },
  "loading": false,
}
`;

exports[`Test Reducer Creator Test Create Redux Real Reducer 4`] = `
Object {
  "data": Object {
    "name": "Duy",
  },
  "loading": false,
}
`;

exports[`Test Reducer Creator Test Create Redux Real Reducer 5`] = `
Object {
  "data": Object {
    "name": "Duy",
  },
  "loading": false,
}
`;

exports[`Test Reducer Creator Test Create Redux Real Reducer 6`] = `
Object {
  "data": Object {
    "name": "Duy",
  },
  "loading": false,
}
`;

exports[`Test Reducer Creator Test Create Redux Real Reducer 7`] = `
Object {
  "data": Object {
    "name": "Duy",
  },
  "loading": false,
}
`;

exports[`Test Reducer Creator Test Create Redux Real Reducer 8`] = `
Object {
  "data": Object {
    "name": "Duy",
  },
  "loading": false,
}
`;

exports[`Test Reducer Creator Test Create Redux Real Reducer 9`] = `
Object {
  "data": Object {
    "name": "Duy",
  },
  "loading": false,
}
`;

exports[`Test Reducer Creator Test Create Redux Real Reducer 10`] = `
Object {
  "data": Object {
    "name": "Duy",
  },
  "loading": false,
}
`;

exports[`Test Reducer Creator Test Create Redux Real Reducer 11`] = `
Object {
  "data": Object {
    "name": "Duy",
  },
  "loading": false,
}
`;

exports[`Test Reducer Creator Test Create Redux Real Reducer 12`] = `
Object {
  "data": Object {
    "name": "Duy",
  },
  "loading": false,
}
`;

exports[`Test Reducer Creator Test Create Redux Real Reducer 13`] = `
Object {
  "data": Object {
    "name": "Duy",
  },
  "loading": false,
}
`;

exports[`Test Reducer Creator Test Create Redux Real Reducer 14`] = `
Object {
  "data": Object {
    "name": "Duy",
  },
  "loading": false,
}
`;

exports[`Test Reducer Creator Test Create Redux Real Reducer 15`] = `
Object {
  "data": Object {
    "name": "Duy",
  },
  "loading": false,
}
`;

exports[`Test Reducer Creator Test Create Redux Real Reducer 16`] = `
Object {
  "data": Object {
    "name": "Duy",
  },
  "loading": false,
}
`;

exports[`Test Reducer Creator Test Create Redux Real Reducer 17`] = `
Object {
  "data": Object {
    "name": "Duy",
  },
  "loading": false,
}
`;

exports[`Test Reducer Creator Test Create Redux Real Reducer 18`] = `
Object {
  "data": Object {
    "name": "Duy",
  },
  "loading": false,
}
`;

exports[`Test Reducer Creator Test Create Redux Real Reducer 19`] = `
Object {
  "data": Object {
    "name": "Duy",
  },
  "loading": false,
}
`;

exports[`Test Reducer Creator Test Create Redux Real Reducer 20`] = `
Object {
  "data": Object {
    "name": "Duy",
  },
  "loading": false,
}
`;
